// Vitest Snapshot v1, https://vitest.dev/guide/snapshot.html

exports[`UserStatus > renders 1`] = `<DocumentFragment />`;
